\BOOKMARK [0][-]{Doc-Start}{\376\377\000T\000\363\000m\000\040\000t\036\257\000t\000\040\000n\000g\000h\000i\000\352\000n\000\040\000c\036\351\000u}{}% 1
\BOOKMARK [0][-]{chapter.1}{\376\377\000M\036\337\000\040\001\021\036\247\000u}{}% 2
\BOOKMARK [1][-]{section.1.1}{\376\377\000L\000\375\000\040\000d\000o\000\040\000c\000h\036\315\000n\000\040\001\021\036\301\000\040\000t\000\340\000i}{chapter.1}% 3
\BOOKMARK [1][-]{section.1.2}{\376\377\000M\036\345\000c\000\040\000t\000i\000\352\000u\000\040\000c\036\347\000a\000\040\000d\036\361\000\040\000\341\000n}{chapter.1}% 4
\BOOKMARK [1][-]{section.1.3}{\376\377\000P\000h\036\241\000m\000\040\000v\000i\000\040\000t\000h\036\361\000c\000\040\000h\000i\036\307\000n}{chapter.1}% 5
\BOOKMARK [1][-]{section.1.4}{\376\377\000C\000\364\000n\000g\000\040\000n\000g\000h\036\307\000\040\000s\036\355\000\040\000d\036\345\000n\000g}{chapter.1}% 6
\BOOKMARK [0][-]{chapter.2}{\376\377\000C\001\241\000\040\000s\036\337\000\040\000l\000\375\000\040\000t\000h\000u\000y\036\277\000t}{}% 7
\BOOKMARK [1][-]{section.2.1}{\376\377\000B\000\340\000i\000\040\000t\000o\000\341\000n\000\040\000g\036\343\000i\000\040\000\375\000\040\000s\036\243\000n\000\040\000p\000h\036\251\000m\000\040\000t\000r\000o\000n\000g\000\040\000t\000h\001\260\001\241\000n\000g\000\040\000m\036\241\000i\000\040\001\021\000i\036\307\000n\000\040\000t\036\355}{chapter.2}% 8
\BOOKMARK [1][-]{section.2.2}{\376\377\000P\000h\036\243\000n\000\040\000h\036\323\000i\000\040\036\251\000n}{chapter.2}% 9
\BOOKMARK [1][-]{section.2.3}{\376\377\000K\000i\036\277\000n\000\040\000t\000r\000\372\000c\000\040\000h\036\307\000\040\000g\036\343\000i\000\040\000\375\000\040\000h\000a\000i\000\040\000g\000i\000a\000i\000\040\001\021\000o\036\241\000n}{chapter.2}% 10
\BOOKMARK [1][-]{section.2.4}{\376\377\000C\000\341\000c\000\040\000k\036\371\000\040\000t\000h\000u\036\255\000t\000\040\000c\000h\000\355\000n\000h}{chapter.2}% 11
\BOOKMARK [1][-]{section.2.5}{\376\377\000C\000\341\000c\000\040\000c\000h\036\311\000\040\000s\036\321\000\040\001\021\000\341\000n\000h\000\040\000g\000i\000\341}{chapter.2}% 12
\BOOKMARK [0][-]{chapter.3}{\376\377\000P\000h\000\342\000n\000\040\000t\000\355\000c\000h\000\040\000d\036\357\000\040\000l\000i\036\307\000u\000\040\000v\000\340\000\040\000t\000i\036\301\000n\000\040\000x\036\355\000\040\000l\000\375}{}% 13
\BOOKMARK [1][-]{section.3.1}{\376\377\000M\000\364\000\040\000t\036\243\000\040\000d\036\357\000\040\000l\000i\036\307\000u\000\040\001\021\036\247\000u\000\040\000v\000\340\000o}{chapter.3}% 14
\BOOKMARK [1][-]{section.3.2}{\376\377\000P\000h\000\342\000n\000\040\000t\000\355\000c\000h\000\040\001\021\036\267\000c\000\040\001\021\000i\036\303\000m\000\040\000d\036\357\000\040\000l\000i\036\307\000u}{chapter.3}% 15
\BOOKMARK [1][-]{section.3.3}{\376\377\000T\000i\036\301\000n\000\040\000x\036\355\000\040\000l\000\375\000\040\000d\036\357\000\040\000l\000i\036\307\000u}{chapter.3}% 16
\BOOKMARK [1][-]{section.3.4}{\376\377\000G\000\341\000n\000\040\000n\000h\000\343\000n\000\040\000v\000\340\000\040\000t\000r\036\315\000n\000g\000\040\000s\036\321\000\040\000m\036\253\000u}{chapter.3}% 17
\BOOKMARK [1][-]{section.3.5}{\376\377\000T\000r\000\355\000c\000h\000\040\000x\000u\036\245\000t\000\040\001\021\036\267\000c\000\040\000t\000r\001\260\000n\000g\000\040\000v\000\340\000\040\001\021\036\267\000c\000\040\000t\000r\001\260\000n\000g\000\040\000t\000h\000e\000o\000\040\000t\000h\036\335\000i\000\040\001\021\000i\036\303\000m}{chapter.3}% 18
\BOOKMARK [0][-]{chapter.4}{\376\377\000T\000h\000i\036\277\000t\000\040\000k\036\277\000\040\000h\036\307\000\040\000t\000h\036\321\000n\000g}{}% 19
\BOOKMARK [1][-]{section.4.1}{\376\377\000T\036\325\000n\000g\000\040\000q\000u\000a\000n\000\040\000k\000i\036\277\000n\000\040\000t\000r\000\372\000c}{chapter.4}% 20
\BOOKMARK [1][-]{section.4.2}{\376\377\000L\000u\036\323\000n\000g\000\040\000x\036\355\000\040\000l\000\375\000\040\001\021\036\247\000u\000\040\000c\000u\036\321\000i}{chapter.4}% 21
\BOOKMARK [1][-]{section.4.3}{\376\377\000C\036\245\000u\000\040\000t\000r\000\372\000c\000\040\000m\000\343\000\040\000n\000g\000u\036\323\000n}{chapter.4}% 22
\BOOKMARK [1][-]{section.4.4}{\376\377\000C\000\341\000c\000\040\000a\000r\000t\000i\000f\000a\000c\000t\000\040\001\021\036\247\000u\000\040\000r\000a}{chapter.4}% 23
\BOOKMARK [0][-]{chapter.5}{\376\377\000X\000\342\000y\000\040\000d\036\361\000n\000g\000\040\000m\000\364\000\040\000h\000\354\000n\000h\000\040\000g\036\343\000i\000\040\000\375}{}% 24
\BOOKMARK [1][-]{section.5.1}{\376\377\000M\000\364\000\040\000h\000\354\000n\000h\000\040\000R\000e\000c\000a\000l\000l}{chapter.5}% 25
\BOOKMARK [1][-]{section.5.2}{\376\377\000M\000a\000t\000r\000i\000x\000\040\000F\000a\000c\000t\000o\000r\000i\000z\000a\000t\000i\000o\000n\000\040\000b\036\261\000n\000g\000\040\000P\000y\000T\000o\000r\000c\000h}{chapter.5}% 26
\BOOKMARK [1][-]{section.5.3}{\376\377\000H\000u\036\245\000n\000\040\000l\000u\000y\036\307\000n\000\040\000R\000e\000c\000a\000l\000l\000\040\000v\000\340\000\040\000t\000\354\000m\000\040\000k\000i\036\277\000m\000\040\000v\000e\000c\000t\000o\000r\000\040\000b\036\261\000n\000g\000\040\000F\000A\000I\000S\000S}{chapter.5}% 27
\BOOKMARK [1][-]{section.5.4}{\376\377\000D\000u\000a\000l\000-\000c\000h\000a\000n\000n\000e\000l\000\040\000R\000e\000c\000a\000l\000l}{chapter.5}% 28
\BOOKMARK [1][-]{section.5.5}{\376\377\000M\000\364\000\040\000h\000\354\000n\000h\000\040\000R\000a\000n\000k\000i\000n\000g}{chapter.5}% 29
\BOOKMARK [1][-]{section.5.6}{\376\377\000H\000u\036\245\000n\000\040\000l\000u\000y\036\307\000n\000\040\000R\000a\000n\000k\000i\000n\000g\000\040\000v\000\340\000\040\000T\000r\000a\000i\000n\000-\000o\000n\000-\000R\000e\000c\000a\000l\000l}{chapter.5}% 30
\BOOKMARK [0][-]{chapter.6}{\376\377\000T\000r\000i\036\303\000n\000\040\000k\000h\000a\000i\000\040\000A\000P\000I\000\040\000v\000\340\000\040\000p\000h\036\345\000c\000\040\000v\036\345\000\040\000g\036\343\000i\000\040\000\375}{}% 31
\BOOKMARK [1][-]{section.6.1}{\376\377\000F\000a\000s\000t\000A\000P\000I\000\040\000s\000e\000r\000v\000e\000r}{chapter.6}% 32
\BOOKMARK [1][-]{section.6.2}{\376\377\000E\000n\000d\000p\000o\000i\000n\000t\000\040\000c\000h\000\355\000n\000h}{chapter.6}% 33
\BOOKMARK [1][-]{section.6.3}{\376\377\000Q\000u\000y\000\040\000t\000r\000\354\000n\000h\000\040\000x\036\355\000\040\000l\000\375\000\040\000y\000\352\000u\000\040\000c\036\247\000u}{chapter.6}% 34
\BOOKMARK [1][-]{section.6.4}{\376\377\000X\036\355\000\040\000l\000\375\000\040\000c\000o\000l\000d\000-\000s\000t\000a\000r\000t}{chapter.6}% 35
\BOOKMARK [1][-]{section.6.5}{\376\377\000X\036\355\000\040\000l\000\375\000\040\000t\000h\000i\036\277\000u\000\040\001\021\036\267\000c\000\040\000t\000r\001\260\000n\000g\000\040\000k\000h\000i\000\040\000p\000h\036\345\000c\000\040\000v\036\345}{chapter.6}% 36
\BOOKMARK [1][-]{section.6.6}{\376\377\001\020\000o\000\040\001\021\036\331\000\040\000t\000r\036\305}{chapter.6}% 37
\BOOKMARK [0][-]{chapter.7}{\376\377\000K\036\277\000t\000\040\000q\000u\036\243\000\040\000t\000h\036\361\000c\000\040\000n\000g\000h\000i\036\307\000m\000\040\000v\000\340\000\040\001\021\000\341\000n\000h\000\040\000g\000i\000\341}{}% 38
\BOOKMARK [1][-]{section.7.1}{\376\377\000K\036\277\000t\000\040\000q\000u\036\243\000\040\000p\000i\000p\000e\000l\000i\000n\000e\000\040\000d\036\357\000\040\000l\000i\036\307\000u}{chapter.7}% 39
\BOOKMARK [1][-]{section.7.2}{\376\377\000K\036\277\000t\000\040\000q\000u\036\243\000\040\000R\000e\000c\000a\000l\000l}{chapter.7}% 40
\BOOKMARK [1][-]{section.7.3}{\376\377\000K\036\277\000t\000\040\000q\000u\036\243\000\040\000R\000a\000n\000k\000i\000n\000g}{chapter.7}% 41
\BOOKMARK [1][-]{section.7.4}{\376\377\000K\036\277\000t\000\040\000q\000u\036\243\000\040\000p\000h\036\345\000c\000\040\000v\036\345\000\040\000s\000u\000y\000\040\000l\000u\036\255\000n}{chapter.7}% 42
\BOOKMARK [1][-]{section.7.5}{\376\377\000N\000h\036\255\000n\000\040\000x\000\351\000t\000\040\000v\000\340\000\040\000h\036\241\000n\000\040\000c\000h\036\277}{chapter.7}% 43
\BOOKMARK [0][-]{chapter.8}{\376\377\000K\036\277\000t\000\040\000l\000u\036\255\000n\000\040\000v\000\340\000\040\000h\001\260\036\333\000n\000g\000\040\000p\000h\000\341\000t\000\040\000t\000r\000i\036\303\000n}{}% 44
\BOOKMARK [1][-]{section.8.1}{\376\377\000K\036\277\000t\000\040\000l\000u\036\255\000n}{chapter.8}% 45
\BOOKMARK [1][-]{section.8.2}{\376\377\000H\001\260\036\333\000n\000g\000\040\000p\000h\000\341\000t\000\040\000t\000r\000i\036\303\000n}{chapter.8}% 46
\BOOKMARK [0][-]{appendix.A}{\376\377\000P\000h\036\345\000\040\000l\036\345\000c}{}% 47
\BOOKMARK [1][-]{section.A.1}{\376\377\000L\036\307\000n\000h\000\040\000c\000h\036\241\000y\000\040\000c\000h\001\260\001\241\000n\000g\000\040\000t\000r\000\354\000n\000h}{appendix.A}% 48
\BOOKMARK [1][-]{section.A.2}{\376\377\000V\000\355\000\040\000d\036\345\000\040\000y\000\352\000u\000\040\000c\036\247\000u\000\040\000A\000P\000I}{appendix.A}% 49
\BOOKMARK [1][-]{section.A.3}{\376\377\000V\000\355\000\040\000d\036\345\000\040\000p\000h\036\243\000n\000\040\000h\036\323\000i\000\040\000J\000S\000O\000N}{appendix.A}% 50
\BOOKMARK [1][-]{section.A.4}{\376\377\000B\036\243\000n\000g\000\040\000s\000i\000\352\000u\000\040\000t\000h\000a\000m\000\040\000s\036\321}{appendix.A}% 51
